- Chapter 18: Frequentist vs Bayesian -- would we ship differently?
    - Carried from Chapter 17
        - Seventeen chapters of two-lens analysis. The capstone question: when the rules are written down and the data is run, do these two lenses actually disagree about what to ship?
- Loop A: simulator
    - Try
        - Run 2,000 synthetic A/B tests. For each, draw a true effect from Normal(0, 1pp). Run a 2,000-per-arm experiment. Apply two decision rules:
            - Frequentist: ship if (p < 0.05) AND (point estimate > 0).
            - Bayesian: ship if P(treatment - control > MMU) > 0.95, where MMU = 0.5pp.
    - Observe (ship rate by true effect)
        - At true effect = 0: F ships about 2.5%, B ships about 1%. F's rate is its alpha-half (one-sided shipping behaviour).
        - At true effect = 0.5pp (right at MMU): F ships about 25%, B ships about 5%. The Bayesian rule is *deliberately* skeptical of effects right at the meaningful threshold.
        - At true effect = 2pp: both ship at >95%.
        - ![Ship rate vs truth](images/ship_by_truth.png)
    - Hunch
        - The two lenses don't disagree about the "obvious" cases: clearly null and clearly large effects. They disagree about the murky middle, where the effect is real but small.
- Loop B: confusion matrix
    - Try
        - Cross-tabulate decisions: (F ships, B ships), (F ships, B no-ship), (F no-ship, B ships), (both no-ship).
    - Observe
        - Most decisions agree (top-left no-ship and bottom-right ship).
        - Most disagreements are F-ships, B-no-ships -- F wants to ship borderline effects, B is more skeptical.
        - F no-ship + B ship is rare. B almost never ships when F doesn't.
        - ![Confusion matrix](images/confusion_matrix.png)
    - Hunch
        - The Bayesian rule is roughly "F's rule plus a meaningfulness gate". It is more conservative.
- Loop C: cost analysis
    - Try
        - Assume each false-positive ship costs C1, and each missed real win costs C2. Sweep the ratio.
    - Observe
        - C1 = 1, C2 = 1: F's higher false-positive rate makes its expected cost slightly higher.
        - C1 = 1, C2 = 5: missed wins dominate. F's higher ship rate now wins; B's conservative rule misses too many real ones.
        - ![Cost analysis](images/cost_analysis.png)
    - Hunch
        - There is no globally better lens. Which rule is "right" depends on whether your organization fears bad ships more than missed wins, or vice versa.
- Loop D: prior sensitivity
    - With a Beta(1, 1) flat prior the two rules look like the above. With a strongly skeptical Beta(50, 50) prior, the Bayesian becomes much more conservative -- it almost never ships at all unless the effect is huge. With a permissive prior, it ships almost as often as the frequentist. The prior is the knob.
- Loop E: joint rule
    - Try
        - Ship only if both lenses agree.
    - Observe
        - Joint ship rate is essentially B's ship rate (since B is the more conservative one). At MMU and below, joint ships are very rare. At 2pp+, joint ships at >95%.
        - ![Joint decision](images/joint_decision.png)
    - Hunch
        - "Both must agree" is conservative but interpretable. A team that wants to be defensible -- "we shipped this only because BOTH analytical frames said yes" -- gets that for free, with the cost being a few missed marginal wins.
- Two-lens commentary, distilled
    - The two lenses aren't competitors; they're complementary perspectives. They agree on clear cases and diverge on borderline ones. The disagreement is informative -- it flags exactly the experiments most worth a careful judgement call.
- The big question that opens Chapter 19
    - We can run experiments forever and still face questions experiments can't answer. Long horizons. Ethics. Network effects. Observational data we never collected from a randomized trial. That's where causal inference takes over.
    - Big question: when do experiments stop being enough?
- Notebook and data
    - Companion notebook: [`notebook.ipynb`](notebook.ipynb)
    - Generation script: [`generate.py`](generate.py)
