- TODO: statistical review of Chapter 7 - The six-sided die
    - Date: 2026-04-30
    - Summary
        - Chapter 7 walks four loops on a 6-sided die: face-count wobble, chi-square goodness-of-fit, Dirichlet-multinomial posterior, and a multiple-comparisons trap with Bonferroni correction. Numerics in chapter.md, notebook.ipynb, and generate.py agree. Loaded vector [2/15, 2/15, 2/15, 2/15, 2/15, 1/3] sums to 1; the "others share 2/3" prose is consistent. Variance-per-face claim N*(1/6)*(5/6) matches the binomial marginal of a multinomial. Naive FWER (0.214 in notebook, ~21-23% in chapter) and Bonferroni FWER (0.046) reproduce. Reviewer's main concerns are unstated assumptions and an over-strong Bayesian claim about multiplicity, not numerical errors.
    - Items
        - Item 1 [APPLIED]: state the chi-square goodness-of-fit large-sample assumption explicitly
            - Loop B says nothing about expected counts >= 5 (the standard rule of thumb for the chi-square approximation to the multinomial likelihood-ratio statistic).
            - generate.py uses np.geomspace(30, 6000, 60), so the smallest N is 30 with expected 5 per face: right at the boundary. At N=60 expected is 10 per face, comfortably above.
            - Add one line in Loop B noting "the chi-square approximation needs expected counts of roughly 5 or more per face; here the smallest N=30 sits at that boundary, and from N=60 onward we are well clear of it."
        - Item 2 [APPLIED]: name the negative covariance among multinomial cells
            - Loop A claims variance per face is N*(1/6)*(5/6) (correct as a marginal), but the chapter never mentions that the cell counts are negatively correlated: cov(c_i, c_j) = -N*p_i*p_j for i != j.
            - This is exactly what makes Loop D's naive family-wise type-I rate (~0.214) come in below the 1 - 0.95^6 = 0.265 independent-tests upper bound. Without that piece, the reader cannot reconcile "six tests at 0.05" with "21-23% not 26.5%."
            - Add a one-sentence aside in Loop A or Loop D pointing this out.
        - Item 3 [APPLIED]: soften the Bayesian "no multiple-comparisons paradox" framing
            - Current Loop D claim: "There is no separate multiple-comparisons knob to turn -- the prior + likelihood machinery handles the joint correctly by construction."
            - That is too strong. Dirichlet(1, 1, 1, 1, 1, 1) is symmetric (exchangeable) but not hierarchical. If the reader scans 100 marginal credible intervals and reports the most extreme one, Bayesian multiplicity reappears in the decision rule. The proper Bayesian remedy is hierarchical shrinkage (a learned concentration parameter, or partial pooling toward a common mean), not "the Dirichlet handles it."
            - Reword the paragraph to: "The joint posterior is correct by construction, but the multiplicity discipline moves from the test threshold to the decision rule. Reporting only the most extreme marginal across many faces is still a selection effect; the Bayesian remedy is hierarchical pooling, which Chapter 11 picks up."
        - Item 4 [APPLIED]: replace "by N ~ 200 the test reliably rejects" with the empirical curve crossing
            - The notebook shows loaded-die p = 5.9e-15 at N=200, which is far past "reliably rejects" - it is "essentially always rejects."
            - The honest single-shot N is wherever the empirical detection rate crosses ~0.8. The data exist (chi2_pvalues_grid.npy across 60 N values); pick the smallest N in the grid where the loaded p-value first stays below 0.05 in a Monte Carlo loop, or just say "by N around 60 the loaded test already rejects in the single-shot run we plot."
            - Optional: add a short Monte Carlo for the loaded die to compute the actual detection probability vs N, mirroring Chapter 3's power treatment.
        - Item 5 [APPLIED]: name Holm and Benjamini-Hochberg as forward references, not as alternatives "we ran"
            - Loop D's "Probe an edge case" mentions Holm and BH but neither is implemented or run on the simulated data.
            - Either (a) keep the mention but mark it as "we will pick these up in Chapter 11 when segments multiply the comparison count," or (b) add a thin expkit.inference.multiple module with holm() and bh() and a one-table comparison on the same 1000-trial fair-die simulation.
            - Recommendation: option (a) for this chapter; option (b) is its own task in Area 1 of the roadmap.
        - Item 6 [APPLIED]: tighten the loaded-vector prose
            - Current: "face 6 has p = 1/3, the others share 2/3". Correct, but the actual code uses 2/15 per face (5 * 2/15 = 2/3 = 10/15). Either keep the prose as is and add the per-face value in parentheses, or just write "p = (2/15, 2/15, 2/15, 2/15, 2/15, 1/3)" to match the code.
        - Item 7 [APPLIED]: anchor the "21-23%" approximate claim to a computed number
            - chapter.md says "about 21-23%". The notebook shows 0.214. generate.py runs 1000 trials and the figure prints the value to three decimal places, but the prose number is given as a range.
            - Replace "about 21-23%" with the exact value from generate.py's run (cite seed = SEEDS["monte_carlo"] = 72, n_trials = 1000) so the prose and the figure agree to the digit.
            - Same treatment for "about 4%" (Bonferroni).
    - Out of scope
        - PyMC Dirichlet-multinomial sampler. Roadmap Area 2 lists Ch.8, 11, 12, 17 for canonical PyMC; Ch.7 is not on that list and the closed-form Dirichlet posterior is exact, so a PyMC mirror would be redundant for didactic value here.
        - Implementing Holm/BH inside expkit.inference. That belongs to Area 1 (test coverage) and to a future multiple-testing chapter, not to this chapter's narrative pass.
        - Adding a power curve for the chi-square test. Power belongs to Chapter 3's framework; reusing that machinery for the multinomial case is a Chapter 8+ concern (two-arm tests).
        - Hierarchical Dirichlet (learned concentration). Area 9's "Hierarchical Bayesian deep-dive companion" is the right home; mentioning it as a forward reference inside Item 3 is enough for now.
    - Book-level review additions (added 2026-04-30)
        - [APPLIED 2026-04-29 in cross-chapter cleanup] Holm and Benjamini-Hochberg now demonstrated
            - Resolution: Chapter 11 Loop C.5 demonstrates Bonferroni / Holm / Benjamini-Hochberg side by side on segmented A/B data, plus Cochran-Mantel-Haenszel on the same stratified tables. Library exposes ``expkit.inference.multitest.bonferroni / holm / benjamini_hochberg`` and ``expkit.inference.cmh.cochran_mantel_haenszel`` with full pytest coverage. Ch.7 Loop D Probe edge case prose updated to point readers at the Ch.11 demo.
        - [APPLIED 2026-04-29 in cross-chapter cleanup] Notation: this chapter uses "p_hat" for empirical face frequencies (Loop A and Loop D)
            - Resolution: Ch.7 already used "p_hat"; Ch.4 and Ch.5 standardized on "p_hat" too. No "hat-p" occurrences remain in Ch.1-7 chapter.log files.
        - [APPLIED] Multinomial generalization promised in Chapter 6 but the connection to the closed-form Beta-binomial of Chapters 1-5 is implicit
            - Where: chapter.log "Try" in Loop C
            - Why: Chapter 6 ends with "how do these tools generalize beyond two outcomes?" Chapter 7 launches into Dirichlet-multinomial without an explicit "this is what Chapter 6's binomial-Beta becomes when we have K categories instead of 2" sentence.
            - Edit: prepend one bullet under Loop C "Try": "The Beta-binomial of Chapters 1-5 generalizes naturally: K outcomes instead of 2, Dirichlet prior with K parameters instead of Beta with 2, the conjugacy still holds." This makes the lineage visible.
