- Project Status
    - Last Updated: 2026-04-29
    - Stage: Beta
    - Next Milestone: polish chapter prose, expand companion notebooks, harden tests against edge inputs

- Development Stages
    - [x] Initial Setup
        - Created: 2026-04-29
        - Repository initialized
        - Basic structure in place
        - Project skeleton: pyproject.toml, expkit/ package, tests/, scripts/, chapters/, data/
        - Privacy policy in place; local tooling fully gitignored
    - [x] Proof of Concept (POC)
        - Goal: validate the inquiry-based, two-lens narrative shape on a single chapter
        - Outcome: Chapter 1 fully built end-to-end (narrative, notebook, generated data, PyMC traces, figures, tests). Library scaffolding (expkit) installed and imported by the notebook. Loglog -> markdown rendering pipeline works.
    - [x] Minimum Viable Product (MVP)
        - Goal: a runnable, navigable repo with the full chapter outline visible and one chapter fully written.
        - All 19 chapter folders exist with chapter.log + chapter.md, notebook.ipynb, generate.py, images/, data/.
        - Library modules implemented: sim.coin/die/abtest/user_segments/novelty/dilution; inference.binomial/normal/chi2/fisher/bootstrap/bayes; power.binomial; metrics.delta/variance/quality; segments.behavioral; novelty.measure; attribution.touch; plot.style/diagnostic; io.samples.
        - 41 fast pytest tests passing + 1 PyMC slow test.
    - [x] Beta Release
        - Goal: every chapter fully written, every expkit module implemented, F-vs-B capstone runnable.
        - All 19 chapters have full narrative, runnable notebook, deterministic generator, embedded figures, both-lens treatment.
        - Chapter 18 capstone runs 2,000 synthetic A/B tests and produces confusion matrix + cost analysis comparing the two lenses.
        - Chapter 19 hands off to /home/k1/public/statistics/causal_inference with a selection-bias demonstration.
    - [] Production Ready
        - Goal: stable, tested, polished, every figure final, every notebook reproducible from CI.
    - [] Maintenance Mode
        - Future enhancements queued:
            - Interactive chart toggles
            - Side-by-side notebooks-as-blog-posts publishing pipeline
            - Companion exercises per chapter

- Technical Details
    - Tech Stack:
        - Python 3.11+ (developed on 3.12)
        - numpy, scipy, statsmodels, pandas, matplotlib, pyarrow
        - pymc (Bayesian engine), arviz (posterior diagnostics)
        - pytest, jupyter, nbconvert, ipykernel for testing and notebooks
        - loglog for documentation source -> markdown rendering
    - Key Files:
        - `pyproject.toml` -- declares the expkit package and its deps
        - `expkit/` -- the library (sim, inference, plot, io for Phase 1; rest scaffolded)
        - `chapters/01-the-coin/` -- the first complete chapter; reference shape for all others
        - `chapters/NN-*/chapter.log` -- stubs for chapters 2-19 with carried question + inquiry-loop sketch
        - `data/manifest.yaml` -- cross-cutting reproducibility manifest
        - `scripts/regenerate_all.py` -- regenerate every chapter's data from seeds
        - `scripts/render_chapters.py` -- loglog -> markdown for every chapter.log
    - Architecture Notes:
        - Each chapter is self-contained: narrative, code, images, data, regeneration script all live in one folder
        - `expkit` is the cross-chapter library; chapters import from it rather than duplicate logic
        - Both frequentist and Bayesian (PyMC) lenses appear in every chapter
        - All randomness is seeded; sha256 of every artifact is recorded in `data/manifest.yaml`

- Current Focus
    - Active Tasks:
        - [x] Phase 1 build complete (skeleton, library starter, Chapter 1, stubs, tests, scripts)
    - Blockers:
        - none for Chapter 1; Chapter 2 onward unblocked
    - Recent Progress:
        - 2026-04-29: scaffold + Phase 1 library + Chapter 1 fully built; 18 chapter stubs created; 22 tests passing; reproducibility manifest populated for Chapter 1
        - 2026-04-29: privacy policy added to local instructions; local-only tooling artifacts untracked from git
        - 2026-04-29: Chapters 2-19 narratives, generators, notebooks, and images all built. Library expanded to cover power, full test family, bootstrap, multinomial, A/B, segments, novelty, dilution, metric quality, attribution, F-vs-B capstone, causal handoff. 42 tests passing.

- Notes
    - Use loglog format for all .log documentation; render with `python scripts/render_chapters.py`
    - All Bayesian work uses PyMC as the canonical engine; conjugate closed forms appear alongside for didactic comparison
    - Bayesian sampling is small per chapter (2 chains, ~1000 draws) to keep notebook execution under a minute
    - Update "Last Updated" date when making changes
    - Run `/home/k1/public/update_project_status.sh` after updates to sync the master status file
