- Chapter 2: How sure can I be?
    - Carried from Chapter 1
        - We saw 6 heads in 10 tosses. The frequentist said "p-value is 0.75, not rare". The Bayesian said "posterior probability of bias is 0.73". Two different answers to almost the same question. Now we make them precise.
    - We never know "for sure". That is the punchline. Both lenses live with that and turn it into something we can act on. Each lens does it differently, and seeing both side by side is the only way to feel the difference.
- Loop A: what does "fair" actually look like?
    - Try
        - We pretend the coin is fair. We toss it 100 times. We count heads. We do that thousands of times in our head and ask: which counts are common, which are rare?
    - Observe
        - The distribution is the binomial. It is centered at 50, with most of the mass between 40 and 60. Counts below 40 or above 60 happen, but only about 5% of the time combined.
        - ![Sampling distribution under H0](images/sampling_distribution_n100.png)
    - Frequentist take
        - That picture is a sampling distribution under the null hypothesis H0: p = 0.5. The green bars are the rejection region: counts so unusual that, if H0 were true, we'd see them less than 5% of the time. Anything in green and we say "reject". A two-sided alpha = 0.05 test on N = 100 rejects roughly outside [40, 60].
        - The threshold is called alpha. It's a knob. We turn it down to 0.01 and demand more extreme evidence; we turn it up to 0.10 and accept weaker evidence.
        - The thing we will misunderstand all the time: alpha is the rate of *false positives*. If the coin really is fair, alpha is the fraction of experiments that will mislead us into saying "rigged". It is not the probability the coin is rigged given our data. The Bayesian is going to enjoy this distinction.
    - Bayesian take
        - Same data, different framing. We don't ask "is it surprising under H0?" We ask "given a starting belief about p and what I just saw, what should I believe now?" With a flat Beta(1,1) prior and 50 heads in 100, the posterior is Beta(51, 51), centered exactly at 0.5, with about a 95% credible interval of [0.40, 0.60]. With 60 heads, posterior Beta(61, 41), center 0.598, the posterior probability that p > 0.5 is around 0.97.
    - Hunch
        - The two lenses are converging on the same kinds of statements at the same observations, but they call them different names.
- Loop B: the same observations, both lenses
    - Try
        - For every possible number of heads from 0 to N, compute both: the frequentist p-value (against H0: p = 0.5) and the Bayesian posterior P(p > 0.5) (with a flat prior). Plot both as functions of the observed count.
    - Observe
        - At N = 10, the curves are jagged. Different observations switch us across the alpha = 0.05 line at different places than across the P > 0.95 line. At small N the two lenses *can* disagree.
        - At N = 100, the curves track each other almost perfectly. Both flag "reject" at roughly the same observed counts.
        - ![Decision curves at N=10 and N=100](images/decision_curves.png)
    - Compare
        - At small N: the prior matters. The Bayesian has assumed a uniform prior, which is not quite the same as "I have no information". A different prior would shift the curve. Meanwhile the frequentist has implicitly committed to "the coin is fair until proven otherwise". Different default assumptions, different answers.
        - At large N: the data dominates. Both lenses say roughly the same thing.
    - Probe an edge case
        - "What if I really do believe the coin is probably fair?" Then a Beta(50, 50) prior is honest. With 6/10 we barely budge. With 60/100 we move noticeably. With 600/1000 we're as convinced as the frequentist.
        - "What if I believe it's probably rigged?" Beta(2, 8) prior. With 6/10 we end up even more confident in bias. With enough N we agree with everyone else.
    - Hunch
        - Both lenses can say "I am 95% sure". But "sure of what?" is different: the frequentist is sure that *if H0 were true* we wouldn't see this data; the Bayesian is sure that p sits inside a particular interval. Same number, different statement.
- Loop C: alpha is a knob
    - Try
        - Same N = 100 sampling distribution, three different rejection thresholds: alpha = 0.10, 0.05, 0.01.
    - Observe
        - At alpha = 0.10 the rejection region is roughly outside [42, 58]. At 0.05, outside [40, 60]. At 0.01, outside [37, 63].
        - ![Alpha sweep](images/alpha_sweep.png)
    - Question
        - Which alpha is "right"? There is no abstract answer. Strict thresholds (0.01) reduce false positives but pay for them with missed real effects. Loose thresholds (0.10) catch more real effects but ship more junk.
    - Bayesian counterpart
        - The same knob in Bayesian dress is the credible-interval level (95%, 99%) and the action threshold ("ship if posterior probability of beneficial effect > 95%"). Same trade-off, different control surface.
- Loop D: stress-test our decision rule
    - Try
        - Simulate 2,000 experiments under each of four truths (p = 0.50, 0.52, 0.55, 0.60), at each of three sample sizes (N = 50, 200, 1000). Count how often the test rejects H0: p = 0.5 at alpha = 0.05.
    - Observe
        - When the truth is exactly fair (p = 0.50), we reject in roughly 5% of experiments at every N. That is the type I error rate, and it equals alpha.
        - When the truth is slightly biased (p = 0.52), we reject in 6% at N=50, 8% at N=200, 18% at N=1000. The signal is too small to detect reliably even at 1000.
        - At p = 0.55: 8%, 25%, 86%. At p = 0.60: 13%, 65%, 99.9%.
        - ![Empirical rejection rates](images/rejection_rates.png)
    - Hunch
        - "How often will I be fooled?" depends on three things: alpha, N, and the truth. Alpha controls the false-positive rate. N + truth controls the true-positive rate.
        - The thing we did not control: when is the *truth* worth catching? p = 0.501 is technically biased. We don't care.
- The big question that opens Chapter 3
    - We have a knob (alpha) and we have a sample size. Together they determine how often we ship the right answer.
    - But they don't tell us how big a sample we *should* collect for an effect we *care* about. If a 1pp lift matters, how many tosses do I need? That's power. That's Chapter 3.
    - Big question: how do I plan the experiment so that, when an effect this big is real, my test will actually catch it?
- Notebook and data
    - Companion notebook: [`notebook.ipynb`](notebook.ipynb)
    - Generation script: [`generate.py`](generate.py)
    - Reproducibility: data sidecars and the cross-cutting [`/data/manifest.yaml`](../../data/manifest.yaml)
