- TODO: statistical review of Chapter 2 - How sure can I be?
    - Date: 2026-04-30
    - Summary: Most Loop D rejection-rate numbers in the prose disagree with the saved simulation grid (and with the theoretical exact-binomial powers). Several pedagogical traps need tightening: the "5% combined" tail figure, the "tracks almost perfectly at N=100" claim (the comparison conflates a two-sided p-value with a one-sided posterior), the Beta(2,8) edge case which contradicts itself, the "type I rate equals alpha" line (the exact binomial test is conservative, ~3.3% at N=50), and the soft "Bayesian is sure that p sits inside a particular interval" framing.
    - Items
        - HIGH (applied): Loop D rejection rates in the prose do not match the saved grid `data/rejection_rates_grid.npy` or theory. Saved grid (rows = p in [0.50,0.52,0.55,0.60], cols = N in [50,200,1000]):
            - p=0.50: 3.1%, 4.0%, 4.6%   (prose says "roughly 5% at every N")
            - p=0.52: 4.2%, 6.8%, 23.1%  (prose says 6%, 8%, 18%)
            - p=0.55: 8.2%, 25.7%, 88.0% (prose says 8%, 25%, 86%)
            - p=0.60: 22.6%, 78.7%, 100% (prose says 13%, 65%, 99.9%)
            - Edit: replace the three sentences in Loop D / Observe with the saved-grid values, rounded to 1 decimal place. Suggested wording: "Under p=0.50 we reject 3-5% of the time (the discrete two-sided exact test is slightly conservative). At p=0.52: 4%, 7%, 23%. At p=0.55: 8%, 26%, 88%. At p=0.60: 23%, 79%, ~100%."
        - HIGH (applied): "When the truth is exactly fair (p = 0.50), we reject in roughly 5% of experiments at every N. That is the type I error rate, and it equals alpha." The exact two-sided binomial test is **conservative** because the support is discrete; the actual rate at alpha=0.05 is 3-5% depending on N (3.3% at N=50, 4.0% at N=200, 4.6% at N=1000). Saying "equals alpha" is a pedagogical trap.
            - Edit: change to "the type I error rate **is at most alpha**. For a discrete test like the binomial, it can be strictly less than alpha; here we see roughly 3-5% rather than exactly 5%, because no integer cutoff hits 5% exactly."
        - HIGH (applied): Loop A says "Counts below 40 or above 60 happen, but only about 5% of the time combined." The combined tail probability P(X<40 or X>60 | p=0.5, N=100) is 3.52%, not 5%. The 5% is the alpha threshold, not the realized tail mass.
            - Edit: "Counts at or below 39 or at or above 61 happen only about 3.5% of the time combined. That is the tail mass we will call 'rejection region' once we set alpha = 0.05; it is below the 5% budget because no integer cutoff hits it exactly."
        - HIGH (applied): Loop B Observe: "At N = 100, the curves track each other almost perfectly. Both flag 'reject' at roughly the same observed counts." This conflates two-sided p-value with one-sided posterior P(p>0.5). The reason the boundaries line up at k=60/61 is a coincidence of (two-sided alpha = 0.05) versus (one-sided posterior > 0.95) under a symmetric prior, not a deep convergence. At k=60 the two-sided p-value is 0.057 (do NOT reject) while P(p>0.5)=0.977 (Bayesian rejects).
            - Edit: rephrase to flag the apples-to-oranges comparison explicitly: "At N=100 the boundaries roughly coincide, but only because we paired a *two-sided* frequentist test (which spends alpha equally on both tails) with a *one-sided* posterior probability (P(p>0.5)). They are answering different questions; that they cross their respective thresholds at nearby observations is a feature of the symmetric prior, not a general law. The right Bayesian counterpart to a two-sided test is something like 2*min(P(p<0.5), P(p>0.5)) or comparing the credible interval to {0.5}."
        - HIGH (applied): Loop B Probe: "Beta(2, 8) prior. With 6/10 we end up even more confident in bias." Beta(2,8) has mean 0.2; with 6 heads / 10 tosses the posterior is Beta(8,12), mean 0.4, P(p>0.5)=0.18. We are LESS confident the coin is biased high; we end up *split* about which direction. The claim is wrong as written.
            - Edit: replace with: "Beta(2, 8) is a strong prior that says 'I expect heads-rate around 0.2'. With 6/10 the posterior is Beta(8,12), mean 0.4 and P(p>0.5) ~ 0.18: data drags belief up but the prior anchors it below 0.5. With enough N the data dominates and we agree with the flat-prior result."
        - MEDIUM (applied): Loop A Bayesian: "the Bayesian is sure that p sits inside a particular interval". A 95% credible interval is a probability statement about p **conditional on the prior and model**, not a claim of certainty. The contrast with the frequentist sentence is fine but the word "sure" reads as overclaim.
            - Edit: change "the Bayesian is sure that p sits inside a particular interval" to "the Bayesian assigns 95% posterior probability that p sits inside a particular interval (given the prior and model)".
        - MEDIUM (applied): Loop A: "alpha is the rate of *false positives*. If the coin really is fair, alpha is the fraction of experiments that will mislead us into saying 'rigged'." For a continuous test this is true; for the discrete binomial it is an **upper bound** ("size <= alpha"). Tighten to match the HIGH item above.
            - Edit: "alpha is an *upper bound* on the false-positive rate. If the coin is fair, at most a fraction alpha of experiments will mislead us; for a discrete test it is often strictly less."
        - MEDIUM (applied): Carried-from-Chapter-1 line: "posterior probability of bias is 0.73". This is P(p>0.5 | 6/10, flat prior) = 0.7256, which is "posterior probability that p>0.5", not "probability of bias" (bias could mean p != 0.5, in which case the answer is 1 minus the prior probability mass at exactly 0.5, i.e. 1 under a continuous prior).
            - Edit: change "posterior probability of bias is 0.73" to "posterior probability that p > 0.5 is about 0.73".
        - MEDIUM (applied): Loop A: "rejection region: counts so unusual that, if H0 were true, we'd see them less than 5% of the time. Anything in green and we say 'reject'." Then "A two-sided alpha = 0.05 test on N = 100 rejects roughly outside [40, 60]." That is correct (39 and 61 are the first reject points, both have p ~ 0.0352). Fine to keep, but state the boundary precisely:
            - Edit: "rejects at k <= 39 or k >= 61 (roughly outside [40, 60])."
        - MEDIUM (applied): Loop C: "At alpha = 0.10 the rejection region is roughly outside [42, 58]. At 0.05, outside [40, 60]. At 0.01, outside [37, 63]." Verified: the *accept* regions are [42,58], [40,60], [37,63] respectively, so reject is at k<=41/k>=59, k<=39/k>=61, k<=36/k>=64. Prose is correct as "roughly outside". Keep, but consider being precise to avoid ambiguity at the boundaries.
        - LOW (applied): Loop B Compare: "the frequentist has implicitly committed to 'the coin is fair until proven otherwise'." This is fine as motivation but worth flagging that NHST is asymmetric (we never accept H0; we just fail to reject). Consider one extra sentence.
            - Edit (optional): add "and the test only ever fails to reject H0; it never accepts it."
        - LOW (applied): Loop B Probe ("with 600/1000 we're as convinced as the frequentist") - verified P(p>0.5)~1.0, fine.
        - LOW (applied): Loop A: "the posterior is Beta(51, 51), centered exactly at 0.5, with about a 95% credible interval of [0.40, 0.60]." Exact CI is [0.404, 0.596], rounded fine. Keep.
        - LOW (applied): Loop A: "60 heads, posterior Beta(61, 41), center 0.598, the posterior probability that p > 0.5 is around 0.97." Exact: mean 0.5980, P(p>0.5) = 0.9770. Fine.
        - LOW (skipped, optional): Generation script does not save the curves data for Loop B. Decision-curve plot is reproducible from code but not from a sidecar. Optional: save `decision_curves.npy` with (k, pval, post_prob) for N in {10,100} so the manifest captures it. Skipped because it requires editing generate.py and re-running the manifest, which is out of scope for this chapter-only edit.
    - Out of scope
        - Bayesian-engine-via-PyMC requirement (the project policy two-lens rule) -> the chapter uses the closed-form conjugate Beta-binomial, which the project policy explicitly allows when conjugacy exists. PyMC parity could be added to the notebook for pedagogy but not required for correctness.
        - Whether to use Jeffreys (Beta(0.5,0.5)) instead of flat (Beta(1,1)) as the "uninformative" prior -> stylistic; the chapter already flags that "uniform is not quite the same as 'I have no information'".
        - The two-sided vs one-sided framing at the test level (binomtest two-sided vs posterior P(p>0.5) one-sided) is a real conceptual issue but addressing it via a symmetric Bayesian quantity (2*min(tail, 1-tail)) is captured under the HIGH Loop B item; deeper treatment belongs in Chapter 7+ where the two lenses are formalized.
        - Reproducibility seed audit -> grid file sha256 matches manifest; not a content issue for this chapter.
