- TODO: statistical review of Chapter 16 - Metric quality
    - Date: 2026-04-30
    - Summary
        - Critic-defender review across two rounds. Three substantive issues confirmed, all accepted with concrete edits scoped to the chapter and the supporting modules in expkit/metrics/.
        - The chapter's narrative is sound. Fixes are mostly hardening of the supporting code and one sentence of qualifier in Loop B and Loop C.
        - Bayesian lens is currently absent from this chapter. Out of scope for this review, but flagged for a later pass since the project rule is two lenses from Chapter 1.
    - Items
        - HIGH (applied): Loop B, CUPED: clarify single-covariate framing
            - chapter.log Loop B currently calls theta "the OLS slope" without naming the single-covariate restriction or the orthogonality-with-treatment requirement.
            - Edit chapter.log Loop B "Try" to note: theta is the slope of y on a single pre-experiment covariate x. With multiple covariates, theta becomes the OLS coefficient vector. The covariate must be measured pre-treatment so theta cannot soak up part of the effect.
            - Edit expkit/metrics/variance.py docstring of cuped: state the assumption that x is pre-treatment, explain that the estimator is unbiased only when x is uncorrelated with arm assignment in expectation, and note that the arm argument is currently accepted but ignored.
            - Concrete code item: either implement pooled-within-arm theta when arm is supplied, or remove the arm parameter and document the single-covariate limitation. Recommended: implement pooled theta as a one-liner that fits OLS within each arm and averages, then test in tests/test_metrics_variance.py.
        - HIGH (applied): Loop C, A/A stability: frac_extreme is tautological for calibration
            - In expkit/metrics/quality.py line 29, frac_extreme uses 1.96 * arr.std(ddof=1), which is the empirical std of the same array. Under any symmetric distribution this fraction is essentially fixed by shape, not by calibration of the test. It checks distribution shape, not whether the test rejects at the nominal alpha.
            - Edit chapter.log Loop C "Observe" to soften the claim: frac_extreme near 5 percent confirms the empirical distribution is roughly symmetric and concentrated, but a true calibration check needs each trial's own standard error, not the pooled empirical std.
            - Add a new helper aa_calibration(pvalues, alpha) in expkit/metrics/quality.py that returns the empirical rejection rate from per-trial p-values. Add a unit test in tests/test_metrics_quality.py.
            - Optionally extend render_aa_stability in generate.py to compute a z statistic per trial using sqrt(2/n_per_arm) and report empirical alpha. Optional, since the figure is already useful.
        - HIGH (applied): Loop D, predictivity: r without uncertainty
            - With 200 simulated experiments, the reported r values of +0.6, 0.0, and -0.3 are statistically distinguishable, but the chapter presents them as point estimates. A reader copying this approach with 30 experiments will get noisy r values.
            - Edit expkit/metrics/quality.py predictivity() to also return a bootstrap CI for r. Default to 1000 resamples, return r_ci_lower and r_ci_upper alongside pearson_r.
            - Edit chapter.log Loop D "Observe" to add the CIs and one sentence on why CI matters: predictivity itself has variance and the metric of metrics deserves the same scrutiny we apply to the underlying metrics.
            - Update tests/test_metrics_quality.py to cover the bootstrap output, with a fixed seed.
    - Out of scope
        - Bayesian framing for Chapter 16. The project rule is two lenses per chapter from Chapter 1. This chapter currently has only the frequentist lens. A Bayesian Loop, for example a hierarchical model that pools predictivity across metric families, is a natural addition but is a separate task.
        - Replacing the simple CUPED with CUPAC, doubly robust adjustments, or machine-learning residualization. Worth a follow-up chapter, not this review.
        - Reworking the figures. The plots are fine. Only the captions need to track the wording changes above.
    - Book-level review additions (added 2026-04-30)
        - [APPLIED] Two-lens promise broken: this chapter has no Bayesian counterpart in any loop
            - Where: chapter.log Loops A through D
            - Why: the README and the project narrative rule say from Chapter 1 onward every loop applies both lenses. CUPED, A/A calibration, and predictivity all have natural Bayesian framings (posterior over theta, posterior over rejection rate, posterior over predictivity correlation), none of which are sketched. The existing TODO already flags this as out of scope.
            - Edit: at minimum, add a short two-lens commentary block at the end of the chapter naming the Bayesian counterparts the reader could reach for: "A Bayesian counterpart for each loop: a posterior over theta in Loop B (regression with priors), a posterior over alpha in Loop C (Beta-binomial on rejection counts), a posterior over rho in Loop D. None of these change the practitioner's decision in this chapter, which is why we skip them, but the path is open." This addresses the asymmetry honestly.
        - [APPLIED] "CUPED" is introduced here for the first and only time, no back-reference for variance reduction
            - Where: chapter.log Loop B
            - Why: the broader story arc treats variance reduction as a metric-quality issue. Earlier chapters (Chapters 3, 8, 16) all sized experiments based on raw variance. Once CUPED enters in Chapter 16, no later chapter uses it. The chapter would benefit from a back-reference.
            - Edit: in Loop B Hunch, add one sentence: "Chapter 3's required-N formulas all assumed raw outcome variance; CUPED can shrink the per-user variance by half before you start, which is equivalent to roughly doubling N for the same precision." This connects CUPED to the power machinery from Chapter 3 explicitly.
        - [APPLIED] Forward promise from Chapter 13 ("Chapter 16 examines the mechanism in depth") of clicks-up-revenue-down does not get fulfilled
            - Where: chapter.log Loop D (predictivity scoring)
            - Why: Chapter 13 Loop D Hunch points readers here for the Goodhart-style mechanism. Chapter 16 only shows that lying proxies have negative r; it does not unpack *why* a metric goes negative-correlation with the long-term outcome.
            - Edit: in Loop D Hunch, add one paragraph naming Goodhart's law and the substitution mechanism: "When a proxy becomes the target, optimization pushes the proxy and the underlying outcome apart. Clicks rise, revenue falls, because the cheapest way to lift clicks (clickbait, intrusive UI) burns brand and bounces users. Predictivity scoring catches this only after the fact; the structural fix is to weight short-term metrics by their measured predictivity, not to optimize them directly."
