- Chapter 8: From dice to A/B tests
    - Carried from Chapter 7
        - "How do we go from 'is this one thing fair?' to 'is this thing different from that thing?'" One die, one population: the question was "is this fair?". Two variants of anything: the question becomes "is variant B different from variant A?". That's an A/B test, the workhorse of online experimentation.
- Loop A: two-arm binary outcome
    - Try
        - Two website variants. Control converts at 5%, treatment at 6%. We allocate N users to each arm and compute the two-proportion z-test and the Bayesian posterior on the difference. The Bayesian side uses uniform Beta(1, 1) priors on each arm's conversion rate.
    - Observe (N = 1000)
        - z = 1.0, p = 0.31. Frequentist: cannot reject the null.
        - Bayesian posterior on (treatment - control): centred near 0.005, but the 95% CI runs from about -0.013 to +0.025. P(difference > 0) is around 0.78. Both lenses say "we don't know yet".
        - ![Two-arm binary at N=1000 vs N=10000](images/two_arm_binary.png)
    - Try (N = 10000)
        - Same effect, ten times the data. z = 3.2, p < 0.002. P(diff > 0) > 0.999. Both lenses now agree the effect is real.
    - Aside on the SE
        - The two-proportion z above uses the pooled p_hat in its standard error, which is the right form for testing the null H0: p1 = p2. Sample-size and power calculators usually use the unpooled SE (computed under the alternative), so the two formulas will not match exactly. We will revisit this when we reconcile with the power module.
    - Hunch
        - At any given effect size there is a sample-size threshold below which neither lens can speak. Above that threshold both lenses speak in the same direction. Power, again.
- Loop B: continuous outcome
    - Try
        - Switch from "did they convert?" (binary) to "how much revenue per user?" (continuous). Control mean = 10, treatment mean = 10.5, sigma = 4. N = 2000 per arm.
    - Observe
        - Welch t-test: t = 2.7, p = 0.007. Reject the null. We use Welch's t (no equal-variance assumption) because revenue per user typically has heavier tails in one arm than the other; Student's t with pooled variance is the right call when variances are known to match.
        - Bootstrap of the mean difference: 95% CI [0.13, 0.86], excluding 0. The bootstrap here is 4000 percentile-method resamples; for skewed metrics, BCa is preferred and is also available in expkit.inference.bootstrap.
        - ![Continuous outcome](images/continuous_outcome.png)
    - Hunch
        - Bootstrap is non-parametric and lazy in the best way: throw the data at it, get a CI on whatever statistic you care about. For continuous outcomes with skewed distributions, it's often more honest than the t-test.
        - The Bayesian counterpart in PyMC is a normal model with priors on the two means. Same shape of inference.
- Loop C: stratification
    - Try
        - Two segments: "power-users" (200 of them, 30% baseline conversion) and "casual" (1800 of them, 5% baseline conversion). Treatment lifts both by 2pp -- 30% -> 32% for power-users, 5% -> 7% for casuals.
        - Compute the per-segment two-proportion z-test, and the pooled two-proportion z-test on the combined population.
    - Observe
        - Power-users (N = 400 across both arms): treatment - control = roughly +0.02. Pooled p-value around 0.40 due to noise on a small group.
        - Casuals (N = 3600): treatment - control = roughly +0.02. p around 0.05 (depending on seed).
        - Pooled (N = 4000): the casual group dominates, so the pooled effect looks like the casual effect. The power-user group, where the absolute lift is the same but the relative lift is much smaller, gets washed out.
        - ![Stratified vs pooled](images/stratified_vs_pooled.png)
    - Hunch
        - Pooling discards information. The canonical frequentist combiner that respects the strata is the Cochran-Mantel-Haenszel test; we do not run it in this book (Chapters 11 and 12 reach for hierarchical Bayes instead, and per-segment z-tests when the lens is frequentist).
- Loop D: decision rule, both lenses
    - Note on MMU
        - MMU (minimum meaningful uplift) is an organizational and economic choice about what effect size is worth shipping, not a Bayesian invention. Either lens can use it. The frequentist analogue is "ship if the point estimate exceeds MMU and the lower bound of the 95% CI exceeds 0" (or, more strictly, "lower 95% CI bound > MMU", a one-sided non-inferiority style rule). We carry this acronym to Chapter 18 where the capstone simulator runs both lenses with the same MMU.
    - Try
        - Frequentist rule (the simple version we compare here): "ship if p < 0.05 and direction positive". Note the freq lens could also adopt MMU via a one-sided CI rule; we pick the simpler version to make the contrast visible.
        - Bayesian rule: "ship if P(treatment - control > MMU) > 0.95", where MMU is 0.5pp.
        - Vary the true effect from -2pp to +4pp. For each truth run 300 simulated experiments at N = 2000 per arm. Plot the ship rate of each rule.
    - Observe
        - At true effect = 0: both rules ship around 2-3% of the time. The frequentist rule "p < 0.05 AND direction positive" is effectively a one-sided test at alpha = 0.025 (under truth = 0 it ships about 2.5% of the time). The Bayesian false-ship rate at truth = 0 is small, around 1-2% with Beta(1, 1) priors and MMU = 0.5pp.
        - At true effect = 0.5pp (right at the MMU): frequentist ships about 7% of the time. Bayesian ships about 5%. The two rules agree more than you might expect because at this N the noise floor swamps the MMU bookkeeping; the gap widens at smaller N or larger MMU.
        - At true effect = 2pp: both rules ship reliably (above 50%, climbing past 90% at 4pp).
        - At true effect = -2pp: neither ships (we required positive direction).
        - ![Frequentist H0:diff=0 vs Bayes with MMU: shipping rates over a sweep of true effects](images/decision_rule.png)
        - Read the figure as "freq with H0:diff=0 vs Bayes with MMU", not freq-vs-Bayes in general. If the freq lens adopts an MMU too, via a one-sided non-inferiority CI, the two curves converge.
    - Hunch
        - The simple frequentist rule does not know what "matters". It just asks "is it different from zero?". The Bayesian rule, with an MMU, asks "is it meaningfully positive?". If you give the freq lens an MMU too, via a one-sided non-inferiority CI rule, the two lenses converge. The picture above is one specific freq rule against one specific Bayes rule, not freq-vs-Bayes in general.
- Loop F: the PyMC version of the same A/B
    - Try
        - Take Loop A's "easy to detect" case (5% control, 6% treatment, N = 10,000 per arm) and fit it explicitly with PyMC. Two independent uniform Beta(1, 1) priors on each arm's conversion rate, two binomial likelihoods, a deterministic ``diff = p_treatment - p_control``. Sample with NUTS. Beta(1, 1) is uniform on [0, 1], so we are saying we have no prior preference about either arm's true rate before seeing data.
    - Observe
        - The PyMC posterior on each arm sits exactly at its true probability. The posterior on the difference is centred near 0.01 (the truth), with most mass above zero.
        - Cross-check: the closed-form Beta posterior on each arm, sampled directly, lines up with the PyMC posterior. We expect that for this conjugate model -- it's a sanity check.
        - ![PyMC two-arm A/B posterior](images/pymc_two_arm.png)
    - Why bother with PyMC if conjugate works?
        - Because the next chapter (9) introduces real-world complications -- heterogeneous segments, side effects, ratio metrics -- where there is no conjugate. The same PyMC pattern (write the model, sample, inspect the posterior) extends straight through. The closed-form simplification was a special case; the general path is what we'll need.
- The big question that opens Chapter 9
    - We have the mechanics. But "is treatment B different from control A?" is an empty question without context. Real-world studies (and real product launches) have to wrestle with: who got studied, what does "good" mean, what got measured, and what got ignored.
    - Big question: how do scientists and product teams actually decide what to ship -- and where do they go wrong?
- Notebook and data
    - Companion notebook: [`notebook.ipynb`](notebook.ipynb)
    - Generation script: [`generate.py`](generate.py)
