- TODO: statistical review of Chapter 17 - Attribution
    - Date: 2026-04-30
    - Summary
        - Two rounds of critic/defender on the attribution chapter (heuristic schemes plus a Bayesian logistic regression model). The heuristic-vs-truth Loops A and B are sound, framed correctly as accounting choices, and the misallocation demo lands. The Bayesian Loop C/D fits a well-specified model on data generated from the same model, which makes it a recovery check rather than a real test of the method. The chapter already names the linear-additive caveat at the end, but it omits three concrete identifiability concerns that a careful reader will spot: well-specification framing, order-blind covariates, multicollinearity under co-occurring channels, and an explicit identification-power check at n = 20,000.
        - Items below are accepted edits. The "out of scope" section captures things deferred to Chapter 18 or later because they would change the chapter's scope rather than tighten its claims.
    - Items
        - [APPLIED] Add explicit "well-specified simulator" framing to Loop C
            - The simulator generates conversions from a logistic model in channel touch counts. The PyMC model fits exactly that functional form. The recovery result is therefore a sanity check on the fitter, not evidence that Bayesian logistic attribution recovers truth in the wild.
            - Edit: in the Loop C "Try" or "Hunch" block, add one sentence: "Because we generated journeys from a logistic-additive model and fit a logistic-additive model, this is a recovery check, not a test of the method against real journeys."
        - [APPLIED] Mention order-blindness and the "first/last as features" fix
            - Touch-count covariates collapse the journey to a bag of channels. First-touch and last-touch schemes are answering a question the Bayesian model literally cannot see, since the design matrix discards order.
            - Edit: in the "Loop C/D Hunch" block where sequence is named, add: "If the analyst believes first-touch or last-touch positions carry information, add binary first_is_X and last_is_X columns to the design matrix. The model can then estimate a position effect on top of the count effect."
        - [APPLIED] Add a multicollinearity caveat
            - When two channels nearly always co-occur (for example email and direct in journeys driven by lifecycle messaging), the posterior on each individual coefficient widens even when the sum is well identified. Heuristic schemes give a single number per channel and hide this, the posterior makes it visible.
            - Edit: in the two-lens commentary, add a bullet: "When channels co-occur strongly, individual coefficient posteriors widen and may overlap zero even though the joint effect is large. The Bayesian model surfaces this, the heuristics silently split credit anyway."
        - [APPLIED] Add a brief identification-power check at n = 20,000
            - The figure shows 95% CIs that bracket truth but does not report widths. For display (true 0.02) and social (true 0.04), the CI half-width should be small enough to separate them from zero, otherwise the recovery story is weaker than the figure suggests.
            - Edit: in `generate.py` after `idata = pm.sample(...)`, compute and print the posterior 95% CI half-width for each channel. In the chapter, after the left-panel observation, add: "At n = 20,000 the 95% CI half-width is roughly X for the strongest channel and Y for the weakest. The two lowest-coefficient channels are still separated from zero, so the recovery is not borderline." Replace X and Y with the printed numbers.
            - Note: identification-check sentence added to chapter.log using values read from the saved bayesian_attribution.nc (direct half-width approx 0.040, weaker channels 0.036 to 0.038, ESS 2,500 to 3,300, R-hat 1.00). generate.py left untouched per task scope.
            - Optional: report bulk ESS and R-hat for the `coef` parameter in a one-line note so readers see the diagnostic exists without turning the chapter into a methods section.
        - [APPLIED] Tighten the "true share" comparison in Loop D
            - The right panel normalises clipped posterior means and calls that "share". This is a reasonable proxy but it is not the share of conversions caused by each channel, it is the share of logit-scale weight. Heuristics partition credit on the probability scale, the Bayesian column partitions on the logit scale, so the comparison is apples-to-oranges by a small but nonzero amount.
            - Edit: add a one-line footnote in the Loop D Observe block: "Heuristic shares partition observed credit on the probability scale, the Bayesian share normalises non-negative logit-scale coefficients. They are comparable in spirit, not identically scaled."
    - Out of scope
        - Rebuilding the simulator with sequence-dependent or interaction effects to actually break the model. That is the natural Chapter 18 setup and would change this chapter's scope.
        - Posterior predictive checks on held-out journeys. Useful, but Chapter 17's job is the attribution comparison, not full Bayesian workflow.
        - Comparison against marketing-mix models or shapley-value attribution. Out of scope for an inquiry chapter; could be a sidebar later.
        - Causal identification under unmeasured confounding (for example, users who would have converted anyway choose direct as their last touch). The chapter's "Bayesian gives causal" claim is conditional on the simulator, and the well-specified caveat above is the right place to flag this without opening the full causal-inference can.
    - Book-level review additions (added 2026-04-30)
        - "Loop C and D" merged-header is unique in the book
            - Where: chapter.log line 30 ("Loop C and D: the Bayesian model")
            - Why: every other chapter uses single-letter loop labels (Loop A, Loop B, ..., or numbered sub-loops like Loop D'). Merging them implies the section maps to two loops but treats them as one.
            - Edit: split into "Loop C: the Bayesian model" (Try + first Observe block) and "Loop D: scheme comparison via posterior" (second Observe block + Hunch). Or rename to a single "Loop C: the Bayesian model" and treat what is currently Observe-right-panel as a sub-bullet within Loop C.
        - Forward reference to Chapter 18: chapter ends asking whether the two lenses disagree on shipping decisions
            - Where: chapter.log lines 47-49 (big question)
            - Why: this is fine narratively, but Chapter 17's body never actually applies a frequentist attribution lens (because frequentist attribution = deterministic accounting, no inference). The chapter says so explicitly. Yet the big-question framing implies a frequentist-vs-Bayesian tension that the chapter did not actually develop.
            - Edit: rephrase the big question to flow more naturally from this chapter's content: "We have spent 17 chapters teaching both lenses on inference questions. Attribution had no frequentist inference at all. The capstone question goes the other way: across the inference chapters, would two teams have actually shipped different products?" This makes the pivot honest.
        - PyMC model spec drops a piece Chapter 6 promised would be shown
            - Where: chapter.log Loop C/D Try (the model description, no priors block)
            - Why: Chapter 6 sets up the workflow as "write the model, sample, inspect the posterior". Chapter 17 names the priors but does not show the full model in code-block form like Chapter 6 does (with `with pm.Model(): ... pm.sample(...)`). Other chapters that use PyMC (Chapters 6, 11) do show the block. Inconsistency.
            - Edit: add a short PyMC code block to Loop C "Try" mirroring the Chapter 6 block, with `pm.Normal("intercept", 0, 2)`, `pm.Normal("coef", 0, 0.5, shape=K)`, `pm.Bernoulli("y", p=invlogit(...), observed=...)`, and `pm.sample(...)`. Three lines of model spec is enough.
