- Chapter 11 exercises: segmentation done right
    - Note: each exercise is small, runnable in the chapter's notebook or a fresh Python REPL, and probes one specific point the chapter raised. Two-lens exercises ask both questions explicitly. All exercises assume the project root is on `sys.path` so that `from expkit...` imports resolve.
    - Exercise 1: predict the pooled lift before computing it
        - Setup: read the chapter's Loop A description. The simulator injects per-segment lifts of +10pp (active_contributor), +4pp (active_consumer), -3pp (silent_intentional), 0pp (passive_consumer), with realized segment counts (seed 110, n = 5000) of 1228, 625, 1249, 1898 respectively.
        - Task: write down, on paper, what you expect the pooled lift to be from these four numbers as a population-weighted average. Then reproduce the simulation with `expkit.segments.behavioral.simulate_population` and an even arm split, and compute the empirical pooled lift.
        - Expected pattern: your back-of-envelope number is in the +0.02 to +0.04 range, which lands close to the empirical pooled lift around +0.033 referenced in chapter.log. Sampling noise moves it within roughly one SE of your prediction.
        - Two-lens: skip for this one, it is a structural arithmetic question.
        - Stretch: now change the segment fractions by re-running `simulate_population` at seeds where one segment is much smaller than the others, and see how the pooled lift moves while the per-segment truths stay fixed.
    - Exercise 2: re-run Loop C.5 multiplicity corrections
        - Setup: regenerate the seed-110 segmented A/B data exactly as in `generate.py:render_multiplicity`. For each of the four behavioural segments, run `expkit.inference.normal.two_proportion_z` to get a raw p-value. Pass the four raw p-values to `expkit.inference.multitest.bonferroni`, `holm`, and `benjamini_hochberg` at alpha = 0.05. Also run `expkit.inference.cmh.cochran_mantel_haenszel` on the four 2x2 tables.
        - Task: print the raw p, Bonferroni adjusted p, Holm adjusted p, BH adjusted p, and rejection vector for each of the four corrections. Print CMH chi-square, p-value, and pooled OR.
        - Expected pattern: raw p around 1.84e-4 for active_contributor and 1.40e-2 for active_consumer. Bonferroni rejects only active_contributor (because 4 * 0.0140 = 0.056 sits above 0.05). Holm rejects two (because the second-smallest p sees multiplier m - 1 = 3, giving 0.042). BH agrees with Holm on which two to reject in this draw. CMH returns one chi-square around 14.6 with p around 1.3e-4 and OR_MH around 1.26, no per-segment claim.
        - Two-lens: explicit. The frequentist per-segment route is "test each, correct, count rejections." The Bayesian route is hierarchical pooling (Loop D below). Both are visible side by side at images/multiplicity.png and images/hierarchical_effects.png.
        - Stretch: change the seed to one where Holm and BH disagree, then explain in one sentence which segment causes the divergence.
    - Exercise 3: find a seed where Bonferroni misses but Holm catches
        - Setup: same simulation as Exercise 2, but loop over seeds 100, 101, ..., 200. For each seed, record whether Bonferroni rejects active_consumer (true lift +4pp) at alpha = 0.05 and whether Holm does.
        - Task: report the count of seeds where Holm rejects active_consumer but Bonferroni does not. Also report the count where neither rejects. Plot a histogram of the raw p-value for active_consumer across these 101 seeds.
        - Expected pattern: Holm rejects strictly more often than Bonferroni on this segment because the multiplier on the second-ranked p is m - 1 instead of m. The histogram of raw p-values straddles 0.0125 (Bonferroni's per-test cutoff at alpha = 0.05 with m = 4), so the gain from Holm shows up in the seeds where the raw p lands between 0.0125 and 0.0167.
        - Two-lens: optional. The Bayesian counterpart of "did this segment move?" is the per-segment posterior on `p_treatment - p_control` from `expkit.inference.bayes.hierarchical_segmented_posterior`. Check whether its 95 percent credible interval excludes zero in the same seeds.
        - Stretch: repeat with BH replacing Holm and explain why BH can pick up segments Holm misses when more than two segments contain real effects.
    - Exercise 4: hierarchical posterior recovers injected lifts
        - Setup: regenerate the segmented A/B data with seed 115, n = 4000, exactly as in `generate.py:render_hierarchical_pymc`. Build the per-segment success and trial dicts. Call `expkit.inference.bayes.hierarchical_segmented_posterior(successes_by_segment, n_by_segment, seed=1115, draws=1500, chains=2, tune=1500)`.
        - Task: read off the posterior mean and 95 percent credible interval of `p_treatment - p_control` per segment from `idata.posterior`. Compare to the simulator-injected truths: +0.10, +0.04, -0.03, 0.0.
        - Expected pattern: every injected truth lands inside the 95 percent CI. The hierarchical posterior pulls slightly toward the population mean compared to the no-pooling per-segment estimate (`s_t/n_t - s_c/n_c`). Pull is small here because each segment has hundreds to thousands of users.
        - Two-lens: explicit. Lay the posterior intervals next to the Bonferroni-adjusted p-values from Exercise 2. The hierarchical posterior makes a per-segment statement without paying a multiplicity tax. The frequentist route makes the same per-segment statement but pays in power.
        - Stretch: drop n_total to 400 (so segments have around 50 to 100 users each) and rerun. Now the shrinkage from partial pooling becomes visible on the plot. Quantify it as `shrinkage = (independent_estimate - posterior_mean) / (independent_estimate - mu_posterior_mean)` on the logit scale, as defined in chapter.log Loop D.
    - Exercise 5: CMH versus per-segment, conceptual
        - Setup: read chapter.log Loop C.5 carefully. CMH returns a single chi-square plus a Mantel-Haenszel pooled odds ratio. The per-segment route returns four p-values plus a correction.
        - Task: write a one-paragraph answer to "in what scenario would I prefer CMH and pay no multiplicity tax?" and "in what scenario do I need per-segment claims so the multiplicity tax is the price of admission?". Cite at least one concrete product decision for each.
        - Expected pattern: CMH wins when the deliverable is a single yes/no answer adjusted for segment composition, for example a stratified rollout decision. Per-segment plus correction wins when the deliverable is a per-segment treatment decision, for example shipping the change to active contributors only.
        - Two-lens: implicit. Hierarchical Bayes (Exercise 4) answers both at once via partial pooling, which the chapter's Loop D shows.
        - Stretch: when does CMH itself fail? Construct a 2-stratum example where the within-stratum odds ratios point in opposite directions. CMH still returns a pooled OR but the homogeneity-of-OR assumption is violated. Quantify the violation with a Breslow-Day test, and describe what the pooled OR is even claiming in this case.
    - Exercise 6: behavioural vs demographic slicing on a fresh seed
        - Setup: generate a fresh population with `simulate_population(5000, seed=999)`, attach a random country label and a random age, and inject the same per-segment lifts (+10, +4, -3, 0) using the loop in `generate.py:render_demographic_vs_behavioral`.
        - Task: compute the lift sliced by country (three values), by age tertile (three values), and by behavioural segment (four values). Plot all three slicings side by side.
        - Expected pattern: country and age tertile look almost flat. Behavioural segments span almost 14pp from the most positive to the most negative. The pooled lift is a small positive number that hides the spread.
        - Two-lens: skip, this is about choosing the right lens before applying any inference.
        - Stretch: now invert the design. Inject the lift heterogeneity by country instead of by behavioural segment. Verify that the country slice now reveals everything and the behavioural slice looks flat. Why is this exercise unrealistic for product decisions?
    - Exercise 7: seed hunt for a segment that flips sign
        - Setup: same simulator as Exercise 2, but vary the seed across 100 to 300. For each seed, record the empirical lift for silent_intentional, whose true lift is -3pp.
        - Task: find a seed where the empirical lift for silent_intentional is positive. Report the seed and the empirical lift.
        - Expected pattern: with about 600 users per arm in this segment, the standard error on the per-segment lift is roughly sqrt(2 * 0.3 * 0.7 / 600) which is around 0.027. So a +3pp empirical lift on top of a -3pp truth is a 2-sigma deviation, and you should hit it within a few dozen seeds.
        - Two-lens: explicit. For your "wrong sign" seed, check the per-segment posterior mean and 95 percent CI from `hierarchical_segmented_posterior`. The CI should still cover the true -0.03, even when the empirical mean is the wrong side of zero. The hierarchical model is more honest about the uncertainty than the no-pooling point estimate.
        - Stretch: with the wrong-sign seed in hand, what does Bonferroni claim about silent_intentional? What does the posterior credible interval claim? Which of those two statements would you act on, and why?
    - Carry-forward question: when behavioural segments and aggregate disagree, the chapter's hierarchical model still recovers the within-segment effect. But what if the disagreement is not just a power problem, what if every segment is positive while the aggregate is negative? Under what design conditions can the parts and the whole disagree by sign, not just by magnitude?
