- Chapter 9: Wine, coffee, and the small print
    - Carried from Chapter 8
        - The mechanics work. Now we ask: what does "wine is good for your heart" actually claim, and what is hiding in the small print?
- Loop A: external validity
    - Try
        - We run a clean A/B-like study on wine vs no-wine in a sample of 22-year-old college students, 1000 per arm. We pin down both lenses on the same data:
            - Frequentist two-proportion z (using expkit.inference.normal.two_proportion_z) on the simulated cohort gives treatment 0.465, control 0.392, point estimate +0.073, z = 3.30, p = 0.001. Reject the null.
            - Bayesian Beta-Bernoulli posteriors per arm (Beta(1, 1) prior, expkit.inference.bayes.coin_posterior_conjugate) and 200000 Monte Carlo draws on the difference give posterior mean +0.073, 95% credible interval [+0.030, +0.116], P(diff > 0) = 0.9995.
            - Both lenses agree: in the 22yo cohort the lift is real. The headline writes itself.
        - But the world is not 22-year-old college students. We simulate the same intervention applied to a real population mix: 10% college students, 20% 40-year-olds under stress, 20% healthy 65+, 5% pregnant women, 10% teens, 35% middle-aged sedentary.
    - Observe
        - The studied group: +5pp on the outcome. Real.
        - 40yo under stress: -2pp. The intervention slightly hurts.
        - 65+ healthy: +1pp. Real but tiny.
        - Pregnant women: -10pp. Significant harm.
        - Teens: -5pp. Harm.
        - Middle-aged sedentary: 0. Indistinguishable from noise.
        - ![External validity](images/external_validity.png)
        - Note: those numbers are the segment lifts we injected into the simulator (the ground truth). The figure shows estimates from a finite sample of 20K users, so the bars are noisy versions of those targets and won't match exactly.
        - These per-segment effects are illustrative numbers we picked to make the external-validity point, not predictions from a biological or pharmacological model of alcohol response.
        - Each bar is an average treatment effect within the segment, the mean lift across people in that group, not the effect any one individual would experience.
    - Hunch
        - Internal validity (does the effect hold in the studied population?) and external validity (does the effect generalize?) are different questions. Studies are usually designed for internal validity. The press release is about external validity. The gap between them is where most "wine is good for you" stories live. Statisticians call this the transportability or reference-class problem, and there is a formal literature on when an internally valid effect can be carried to a new population.
    - Two-lens commentary
        - Frequentist transportability is a subgroup-test framing. Run a separate two-proportion z (or chi-square with a multiple-comparison correction) per segment, then either weight the per-segment estimates by the target population's segment shares to get a population-average lift, or refuse to extrapolate at all when any segment confidence interval is on the wrong side of zero. The studied cohort gave p = 0.001, but the same machinery applied per segment in the universe sample produces a positive estimate in some bars and a negative one in others. The frequentist verdict is one report card per segment, no smoothing.
        - Bayesian transportability puts a posterior on the population-average lift, treating the target population's segment mix as a known weighting and the per-segment effects as draws from a hierarchical population. With six segments and one of them (pregnant women) showing -10pp ground truth, the posterior on the population-weighted lift is centred well below the studied +5pp; with diffuse-enough priors and the universe segment shares from the simulator, the credible interval easily straddles zero. Same data, two answers: the frequentist gives "significant in the studied cohort, mixed across the universe", the Bayesian gives "one number with honest uncertainty, and that number is much smaller than the headline".
- Loop B: what does "good" mean?
    - Try
        - Run the same study; measure three different outcomes:
            - resting heart rate (a proxy)
            - exercise tolerance (a different proxy)
            - all-cause mortality (the thing we actually care about)
        - To illustrate the gap between proxies and the outcome we actually care about, suppose the three effects look roughly like this.
    - Observe
        - Resting heart rate: -3% (good), 95% CI [-5%, -1%]. Significant.
        - Exercise tolerance: +1%, 95% CI [-1%, +3%]. Indistinguishable from noise.
        - All-cause mortality: -0.2%, 95% CI [-1%, +0.6%]. Indistinguishable from noise on the metric that actually matters.
        - ![Outcome choice](images/outcome_choice.png)
        - These intervals are illustrative, not derived from a fresh simulation; the point is the shape of the disagreement between proxies and the thing we actually care about.
    - Hunch
        - "Wine reduces resting heart rate" is true. "Wine improves health" is a leap. Choosing which outcome to publish is a decision the reader does not see.
- Loop C: side effects
    - Try
        - Track the target metric, a secondary metric, and a harm metric simultaneously.
    - Observe
        - Target: +0.30 (good).
        - Secondary 1: 0.0 (neutral).
        - Harm: -0.40 (bad). The intervention helps the headline metric and hurts a side metric by more.
        - ![Side effects](images/side_effects.png)
    - Hunch
        - Trials in clinical and product domains routinely have this shape. The decision depends on weights, not on the data alone.
- Loop D: tradeoff analysis
    - Try
        - Build a tiny utility function: U = w * target_effect + (1 - w) * harm_effect. Sweep w from 0 to 1 and see when U switches sign.
    - Observe
        - With target effect +0.30 and harm effect -0.40, the boundary is at w ≈ 0.57. At w < 0.57, the utility is negative (don't ship). At w > 0.57, positive (ship).
        - Two stakeholders with different weights look at the same posterior and make different decisions.
        - ![Tradeoff](images/tradeoff.png)
    - Hunch
        - This is what a "decision" actually is once you take the data seriously: a posterior on each outcome, a utility weighting, and a threshold. The utility function is *not* a statistical question. It is a values question.
        - One caveat for later: the curve above plugs point estimates into U. Proper expected utility is E[U(theta)] integrated over the joint posterior of target and harm effects, which Chapter 6's Bayesian machinery makes possible and a later chapter on decision theory will treat directly.
        - Bridge to industry: these four traps, studied population, outcome choice, side effects, weights, show up in tech experiments too, just with click-rates substituting for heart rates and engagement substituting for mortality. Chapter 10 walks the same four traps in industry dress, no new analysis, just a change of costume.
- The big question that opens Chapter 10
    - Researchers face external validity, outcome-choice, side-effect, and weighting problems. So do tech companies running A/B tests. Same trap, larger scale, faster cadence, and a particular love affair with one metric: clicks.
    - Big question: what shape do these problems take in industry experimentation, where the metric is "did they click?" and the time horizon is one week?
- Notebook and data
    - Companion notebook: [`notebook.ipynb`](notebook.ipynb)
    - Generation script: [`generate.py`](generate.py)
