- Chapter 09 exercises: Wine, coffee, and the small print
    - Note: each exercise is small, runnable in the chapter's notebook or a fresh Python REPL, and probes one specific point the chapter raised. Two-lens exercises ask both questions explicitly.
    - Exercise 1: Predict before generalizing
        - Setup: paper and pencil first. The chapter shows a +5pp lift in 22-year-old college students and a population mix that includes pregnant women (-10pp), teens (-5pp), 40-year-olds under stress (-2pp), 65+ healthy adults (+1pp), and middle-aged sedentary (0pp).
        - Task: write down, before computing anything, your guess for the population-weighted average treatment effect (use the segment fractions from the chapter: 0.10, 0.20, 0.20, 0.05, 0.10, 0.35). Then compute it directly: sum(fraction * lift) across segments.
        - Expected pattern: weighted average is roughly 0.10*0.05 + 0.20*(-0.02) + 0.20*0.01 + 0.05*(-0.10) + 0.10*(-0.05) + 0.35*0 which is about -0.0085. Almost everyone overestimates the population effect because the studied cohort is the most visible one.
        - Two-lens: this is just arithmetic, but it is the arithmetic the headline writer skipped. Loop A's frequentist transportability story is exactly this weighted average, and the Bayesian counterpart adds uncertainty on each segment effect.
        - Stretch: which single segment, if removed from the population, would flip the sign of the weighted average? Which segment, if its lift were doubled in magnitude, would dominate the weighted average?
    - Exercise 2: Reproduce the studied cohort, both lenses
        - Setup: run expkit.sim.user_segments.segmented_binary with one SegmentSpec("22yo college students", fraction=1.0, baseline=0.40, treatment_lift=0.05), n_total=2000, seed=900. This recreates the studied-only experiment.
        - Task: extract the per-arm successes and totals. Compute expkit.inference.normal.two_proportion_z(s_t, n_t, s_c, n_c). Compute expkit.inference.bayes.coin_posterior_conjugate per arm with Beta(1, 1), then sample 200000 draws from the difference (numpy beta-sampling on each arm minus the other) and report the 95 percent credible interval and P(diff > 0).
        - Expected pattern: z roughly 3.3, p roughly 0.001. Posterior mean on the difference roughly +0.073, 95 percent credible interval roughly [+0.030, +0.116], P(diff > 0) roughly 0.9995. Both lenses agree. The headline writes itself.
        - Two-lens: the chapter's Loop A names exactly this case as the trap: internal validity is real here, both lenses confirm it. The trap is the next step (Exercise 3).
        - Stretch: shrink n_total to 200 and rerun. Watch both lenses lose confidence. Does either lens recover faster as N grows?
    - Exercise 3: Now apply the same intervention to the whole population
        - Setup: build the universe spec list as in the chapter (six SegmentSpec entries with the fractions and lifts from Exercise 1). Run segmented_binary with n_total=20000, seed=901.
        - Task: for each segment, compute the per-segment two_proportion_z and the per-segment Bayesian P(diff > 0). Tabulate. Then compute the population-weighted lift estimate by summing fraction * point_estimate across segments, and report it alongside the studied-only estimate from Exercise 2.
        - Expected pattern: the studied cohort's segment shows roughly +0.05 with strong evidence both lenses. Other segments wander: pregnant women near -0.10 (significant harm), teens near -0.05, middle-aged sedentary near 0, 40yo under stress near -0.02, 65+ healthy near +0.01. The population-weighted lift is much smaller than the studied +0.05, often near zero or even negative. This reproduces external_validity.png.
        - Two-lens: write one sentence on each lens's verdict. Frequentist: "the studied cohort is significant, three other segments are significant in the wrong direction, and there is no single number to report". Bayesian: "the population-weighted posterior straddles zero with a long left tail driven by pregnant women and teens".
        - Skeptical: find a seed where the population-weighted point estimate flips from negative to positive (or vice versa). Sweep seeds 0 through 99. The chapter's transportability point is precisely that the headline number is fragile to which segments you sample most.
    - Exercise 4: The proxy ladder, three outcomes one decision
        - Setup: invent a tiny simulator. Three outcomes per user: y_hr (resting heart rate, mean treatment effect -0.03 with sigma=0.1), y_exercise (exercise tolerance, mean effect +0.01 with sigma=0.05), y_mortality (all-cause mortality, mean effect -0.002 with sigma=0.02). N=2000 per arm, seed=910. Use numpy.random.default_rng to draw normal noise around the per-arm means.
        - Task: for each outcome, compute expkit.inference.normal.two_sample_t and expkit.inference.bootstrap.bootstrap_diff_ci with 4000 percentile resamples.
        - Expected pattern: y_hr is significant (CI excludes zero, around -5 percent to -1 percent), y_exercise is borderline noise (CI includes zero), y_mortality is statistically silent (CI roughly [-1 percent, +0.6 percent]). This reproduces the shape of outcome_choice.png. The chapter's caveat applies: the intervals here are illustrative, not derived from a fitted population model.
        - Two-lens: which outcome would each lens's "ship" rule prefer? Is the lens choice doing any work, or is the outcome choice doing all the work? Write one sentence.
        - Stretch: cube the N to 8000 per arm. Watch y_mortality's CI shrink. Does it ever exclude zero? If so, at what N? This previews "with enough data, the proxy ladder collapses", which is true in principle but rarely true in practice for mortality-style endpoints.
    - Exercise 5: Side effects and the utility threshold
        - Setup: target effect +0.30, harm effect -0.40 (illustrative numbers from Loop C). Two stakeholders: one cares only about the target (w=1.0), one weights target and harm equally (w=0.5).
        - Task: implement U(w) = w * target_effect + (1 - w) * harm_effect. Sweep w over a grid from 0 to 1 in steps of 0.01. Find the boundary w* at which U switches sign. Compare to the chapter's stated boundary of about 0.57.
        - Expected pattern: w* lands at exactly 0.4 / (0.3 + 0.4) which is roughly 0.571. Below w*, ship rule says no. Above w*, ship rule says yes. Two stakeholders with w=0.4 and w=0.7 read the same posterior and make opposite decisions.
        - Two-lens: this exercise is values, not statistics. The chapter's caveat: proper expected utility integrates U over the joint posterior of target and harm effects. Add a Monte Carlo version: draw 5000 (target, harm) pairs from independent normals around their point estimates with sigma=0.1 each, recompute U for each draw, and report E[U(w)] at w=0.5. Notice the answer is no longer a single point.
        - Stretch: change harm to -0.20 (smaller harm). Where does w* move? Sketch in one line how the decision boundary depends on the relative magnitudes of target and harm.
    - Exercise 6: Transportability with hierarchical Bayes, sketch the move
        - Setup: from Exercise 3 you have per-segment counts. Use expkit.inference.bayes.hierarchical_segmented_posterior to fit the partial-pooling model.
        - Task: pass the per-segment successes_by_segment and n_by_segment dicts to the helper with seed=920, draws=1000, chains=2. Compare the per-segment posterior mean effect from the hierarchical model against the per-segment naive point estimate from Exercise 3.
        - Expected pattern: the hierarchical model shrinks each per-segment effect toward the population mean. Segments with extreme estimates and small N (pregnant women in particular, fraction=0.05) move the most. Segments with large N (middle-aged sedentary, fraction=0.35) barely move. This is partial pooling working as the chapter promised, and it is the proper Bayesian transportability move.
        - Two-lens: the frequentist counterpart to this shrinkage is no per-segment Bonferroni or Holm adjustment. Bonferroni protects you from false positives but not from extrapolation. Pooling is a different remedy.
        - Stretch: report the population mu posterior and tau posterior (heterogeneity). When tau is small, all segments look alike. When tau is large, the model distrusts pooling. Where does this dataset land?
    - Exercise 7: Find a finite-sample wine headline that the universe overturns
        - Setup: search seeds 900 through 999 for the studied-only experiment (Exercise 2 setup) and the universe experiment (Exercise 3 setup) using the same seed for both.
        - Task: find a seed where the studied-only experiment shows a frequentist p<0.01 lift in the studied cohort and the universe-weighted point estimate is below -0.005. Print any such seed, the studied p-value, the studied lift, and the universe-weighted lift.
        - Expected pattern: with the chapter's segment-lift configuration (pregnant -10pp, teens -5pp), the universe-weighted estimate is negative on most seeds, so finding a "studied-significant, universe-harmful" seed should be easy. The point of the exercise is to feel how robust the trap is: not "did the test give the wrong answer", but "the test answered the wrong question".
        - Skeptical: rerun with the universe configured so that no segment has a negative lift (set all the negatives to zero). Now the studied-significant headline is no longer overturned. Is the trap real, or is it about which segments are in the population? The honest answer is: both. The trap requires both heterogeneity and a non-representative study.
        - Stretch: at one such seed, build the hierarchical Bayes posterior on the population-average effect (use the helper from Exercise 6). Does the credible interval on mu cover zero? How does that one number reconcile the two single-number summaries?
    - Carry-forward question: the chapter's big question was "what shape do these problems take in industry experimentation?". After these exercises, your sharper question is: when the four traps (population, outcome, side effects, weights) interact (a tech-flavored example with all four moving at once), can any single inferential lens give you a one-paragraph defensible decision, or does the decision live entirely outside both lenses?
