- TODO: statistical review of Chapter 9 - Wine and the small print
    - Date: 2026-04-30
    - Summary
        - Chapter is conceptual and the four loops (external validity, outcome choice, side effects, tradeoff weights) land cleanly. Issues are concentrated in three places: segment effects in Loop A are plausible but uncoordinated narrative numbers, Loop B confidence intervals are hardcoded in generate.py rather than produced from a simulated sample, and Loop D applies a linear utility to point estimates while labeling the y-axis "expected utility". Two narrative slips: text quotes true lifts while the image shows noisy estimates, and the harm rhetoric in Loop A is stated as "harms teens" while the data shown is a segment mean.
    - Items
        - Loop A, segment effects coherence
            - [APPLIED] Reconcile chapter text vs image: added a one-sentence note that those numbers are simulator-injected ground truth and the figure shows finite-sample estimates that won't match exactly
            - Add a one-line caveat that the per-segment effects are illustrative, not derived from a biological model
            - One clause noting that each bar is an average treatment effect within the segment, not a per-individual effect
        - Loop B, hardcoded CIs
            - [APPLIED] Reframed Loop B as "to illustrate the gap, suppose effects look like..." with a one-line note that the intervals are illustrative rather than rederiving them from a fresh simulation
        - Loop D, utility framing
            - [APPLIED] Added one sentence in the Hunch acknowledging E[U(theta)] over the joint posterior is the proper formulation, not U(point estimate); deferring axis rename / posterior plot to a later decision-theory chapter
        - Generalization framing
            - [APPLIED] Added a one-sentence name-drop of transportability / reference-class at the end of Loop A so the curious reader has a search term
    - Out of scope
        - Building a full transportability or reference-class section
        - Replacing Loop D with a full decision-theoretic treatment over joint posteriors. That belongs in a later chapter on decision theory and ties to the Bayesian throughline established in Chapter 6
        - Replacing the linear utility with a non-linear one, or modeling cost-of-action. The chapter is about awareness of weighting, not about utility design
        - Heterogeneous treatment effects within a segment (would duplicate Loop A and pre-empt later chapters)
