- TODO: statistical review of Chapter 19 - Causal handoff
    - Date: 2026-04-30
    - Summary
        - Handoff chapter, intentionally conceptual. The one quantitative artefact (5,000-user selection-bias sim, naive diff approx +1.10 vs true ATE 0.30) is correctly set up: latent propensity is a confounder of both treatment and outcome, treatment effect is constant at +0.30, so under Rubin's decomposition SDO = ATE + selection bias (HTE-bias term vanishes because effect is homogeneous), giving 0.30 + 0.80 = 1.10. Loop C defines selection bias as E[Y(0)|T=1] - E[Y(0)|T=0], which matches the ~+0.80 the notebook attributes to it. So the labeling is internally consistent.
        - Loop A bullets (long horizons, ethics, network effects, observational data, one-time events) are accurate at the bullet level. No claims overshoot what bullets support.
        - Loop C vocabulary is correct: potential outcomes, ATE, selection bias, identification all defined consistently with Rubin.
    - Items
        - [APPLIED] Minor: notebook prints "selection bias is responsible for ~+0.80" without restating Loop C's narrow definition. A reader who maps "selection bias" to survey-sampling selection effect may be confused. One-line link from notebook back to Loop C's formula would tighten it. -> Notebook now prints Rubin decomposition (SDO = ATE + selection bias + HTE bias), notes HTE bias = 0 because effect is constant, attributes the full gap to selection bias. Loop B hunch carries the same identity.
        - [APPLIED] Minor: chapter never uses the word "confounder" by name even though propensity is a textbook confounder (common cause of T and Y). A single sentence in Loop B - "propensity is a confounder, a common cause of both treatment assignment and outcome" - would make the structural claim explicit and ease the handoff to the sibling repo. -> Loop B "Try" now names propensity as a confounder.
        - [APPLIED] Minor: network-effects bullet says "the independence assumption built into our z-tests, t-tests, and Bayesian models is violated". That conflates SUTVA (a potential-outcomes assumption about no-interference) with iid sampling assumptions in the test statistics. Both are real issues under interference, but they are distinct. Worth disambiguating in one phrase, or simplifying to "interference violates the no-spillover assumptions our methods rely on". -> Bullet now names SUTVA explicitly and frames the violation as the no-spillover assumption.
    - Out of scope
        - Pearl / DAG framing absent. Chapter uses Rubin potential-outcomes only. Defensible because the sibling causal_inference repo follows the Mixtape (Cunningham) framework which is potential-outcomes-first; DAG depth belongs there, not here.
        - No worked decomposition of SDO into ATE + selection bias + HTE bias term. Defensible: the chapter is a teaser, not a methods chapter, and HTE bias vanishes in the homogeneous-effect sim anyway.
        - No demonstration of any correction method (matching, IPW, regression adjustment, IV, RDD, DiD, synthetic controls). Explicitly the job of the handoff repo.
        - No discussion of estimands beyond ATE (ATT, ATU, LATE, CATE). Belongs in the sibling repo.
        - "Central problem causal inference solves" reads strong but is framed as a hunch in inquiry style, which is consistent with the chapter convention.
    - Book-level review additions (added 2026-04-30)
        - SUTVA defined here a second time, with different wording from Chapter 15
            - Where: chapter.log Loop A network-effects bullet ("This breaks SUTVA (the Stable Unit Treatment Value Assumption), which says treating one unit doesn't change the potential outcomes of others.")
            - Why: Chapter 15 first defines SUTVA in the CACE conditions as "no interference between users, one version of treatment". Chapter 19 redefines it. The two glosses are compatible but not identical.
            - Edit: standardize on one definition: "SUTVA (Stable Unit Treatment Value Assumption): no interference between units, and one version of treatment per unit." Use the same phrasing here and back-reference Chapter 15: "(introduced in Chapter 15 in the CACE conditions)."
        - "Potential outcomes (Rubin causal model)" introduced here without note that it has been used implicitly throughout the book
            - Where: chapter.log Loop C
            - Why: chapters 9, 11, 14, 15 all reason in potential-outcomes language (per-segment effect, ITT, average treatment effect within a segment) without naming the framework. Naming it only at the end loses the chance to teach the reader the lens they have already been using.
            - Edit: in Loop C, after "Potential outcomes (Rubin causal model). Each unit has Y(0) and Y(1).", add one sentence: "We have been using this framework implicitly since Chapter 8: every 'treatment effect' in this book is a difference between the outcome under treatment and the outcome under control for the same unit. Now we name it."
        - "Inquiry loop" structure dissolves at the end
            - Where: chapter.log Loops A, C, plus "Handoff" plus "Closing thought"
            - Why: every other chapter ends with an explicit "big question" that hands off to the next chapter. This is the last chapter so there is no next, but the structure of the handoff and closing-thought is asymmetric with the rest of the book. The carried-over question is also missing the verbatim Chapter 18 question.
            - Edit: reframe the close as "Big question handed to the reader: when do experiments stop being enough, in your domain?" so the inquiry-loop convention closes cleanly. Also at the top of the chapter, prepend the Chapter 18 question verbatim before "Eighteen chapters of experiments."
